// Jest Snapshot v1, https://goo.gl/fbAQLP

exports[`flex renders 1`] = `
.c0 {
  -webkit-align-items: center;
  -webkit-box-align: center;
  -ms-flex-align: center;
  align-items: center;
  display: -webkit-box;
  display: -webkit-flex;
  display: -ms-flexbox;
  display: flex;
  -webkit-flex-direction: column;
  -ms-flex-direction: column;
  flex-direction: column;
  gap: 0;
  -webkit-box-pack: justify;
  -webkit-justify-content: space-between;
  -ms-flex-pack: justify;
  justify-content: space-between;
  max-width: 100%;
  width: 100%;
}

@media (min-width:992px) {
  .c0 {
    -webkit-align-items: center;
    -webkit-box-align: center;
    -ms-flex-align: center;
    align-items: center;
    -webkit-flex-direction: column;
    -ms-flex-direction: column;
    flex-direction: column;
    gap: 0;
    -webkit-box-pack: justify;
    -webkit-justify-content: space-between;
    -ms-flex-pack: justify;
    justify-content: space-between;
    max-width: 100%;
  }
}

<div
  class="c0"
>
  <div>
    <p>
      Lorem ipsum dolor sit amet consectetur adipisicing elit. Facilis voluptates perspiciatis dolorum nam molestiae ab!
    </p>
    <p>
      Lorem ipsum, dolor sit amet consectetur adipisicing elit. Expedita quasi veritatis pariatur sed, facere earum.
    </p>
  </div>
</div>
`;
