// Jest Snapshot v1, https://goo.gl/fbAQLP

exports[`image renders 1`] = `
.c0 {
  border-radius: 8px;
  border: 3px solid transparent;
  height: 100%;
  max-height: 350px;
  max-width: 500px;
  -webkit-transition: -webkit-transform 0.5s,border 0.5s;
  -webkit-transition: transform 0.5s,border 0.5s;
  transition: transform 0.5s,border 0.5s;
  width: 100%;
}

<img
  alt="Alternative text."
  class="c0"
  src="https://github.com/Wafflus"
/>
`;
